Nothing to build in platform 'module1_hw_wrapper'

14:34:41 **** Incremental Build of configuration Debug for project module1_vts ****
make all 
make --no-print-directory pre-build
a9-linaro-pre-build-step
 
make --no-print-directory main-build
Building file: ../src/blinky.c
Invoking: ARM v7 gcc compiler
arm-none-eabi-gcc -Wall -O0 -g3 -c -fmessage-length=0 -MT"src/blinky.o" -mcpu=cortex-a9 -mfpu=vfpv3 -mfloat-abi=hard -I/home/thayer/workspace/module1_hw_wrapper/export/module1_hw_wrapper/sw/module1_hw_wrapper/standalone_ps7_cortexa9_0/bspinclude/include -MMD -MP -MF"src/blinky.d" -MT"src/blinky.o" -o "src/blinky.o" "../src/blinky.c"
Finished building: ../src/blinky.c
 
Building target: module1_vts.elf
Invoking: ARM v7 gcc linker
arm-none-eabi-gcc -mcpu=cortex-a9 -mfpu=vfpv3 -mfloat-abi=hard -Wl,-build-id=none -specs=Xilinx.spec -Wl,-T -Wl,../src/lscript.ld -L/home/thayer/workspace/module1_hw_wrapper/export/module1_hw_wrapper/sw/module1_hw_wrapper/standalone_ps7_cortexa9_0/bsplib/lib -o "module1_vts.elf"  ./src/blinky.o ./src/platform.o   -Wl,--start-group,-lxil,-lgcc,-lc,--end-group
Finished building target: module1_vts.elf
 
Invoking: ARM v7 Print Size
arm-none-eabi-size module1_vts.elf  |tee "module1_vts.elf.size"
   text	   data	    bss	    dec	    hex	filename
  53927	   2564	  22640	  79131	  1351b	module1_vts.elf
Finished building: module1_vts.elf.size
 
14:34:42 **** Incremental Build of configuration Debug for project module1_vts_system ****
make all 
Generating bif file for the system project
Executing command '::scw::generate_bif -xpfm /home/thayer/workspace/module1_hw_wrapper/export/module1_hw_wrapper/module1_hw_wrapper.xpfm -domains standalone_ps7_cortexa9_0 -bifpath /home/thayer/workspace/module1_vts_system/Debug/system.bif' on XSCT
sdcard_gen --xpfm /home/thayer/workspace/module1_hw_wrapper/export/module1_hw_wrapper/module1_hw_wrapper.xpfm --sys_config module1_hw_wrapper --bif /home/thayer/workspace/module1_vts_system/Debug/system.bif --bitstream /home/thayer/workspace/module1_vts/_ide/bitstream/module1_hw_wrapper.bit --elf /home/thayer/workspace/module1_vts/Debug/module1_vts.elf,ps7_cortexa9_0
creating BOOT.BIN using /home/thayer/workspace/module1_vts/_ide/bitstream/module1_hw_wrapper.bit
Running /opt/xilinx/Vitis/2021.2/bin/bootgen  -image /home/thayer/workspace/module1_vts_system/Debug/sd_card_temp/boot.bif -w -o i BOOT.BIN
