16:39:54 **** Incremental Build of configuration Debug for project module1_vts ****
make all 
make --no-print-directory pre-build
a9-linaro-pre-build-step
 
make --no-print-directory main-build
Building file: ../src/blinky.c
Invoking: ARM v7 gcc compiler
arm-none-eabi-gcc -Wall -O0 -g3 -c -fmessage-length=0 -MT"src/blinky.o" -mcpu=cortex-a9 -mfpu=vfpv3 -mfloat-abi=hard -I/home/thayer/workspace/module1_hw_wrapper/export/module1_hw_wrapper/sw/module1_hw_wrapper/standalone_ps7_cortexa9_0/bspinclude/include -MMD -MP -MF"src/blinky.d" -MT"src/blinky.o" -o "src/blinky.o" "../src/blinky.c"
Finished building: ../src/blinky.c
 
Building target: module1_vts.elf
Invoking: ARM v7 gcc linker
arm-none-eabi-gcc -mcpu=cortex-a9 -mfpu=vfpv3 -mfloat-abi=hard -Wl,-build-id=none -specs=Xilinx.spec -Wl,-T -Wl,../src/lscript.ld -L/home/thayer/workspace/module1_hw_wrapper/export/module1_hw_wrapper/sw/module1_hw_wrapper/standalone_ps7_cortexa9_0/bsplib/lib -o "module1_vts.elf"  ./src/blinky.o ./src/led.o ./src/platform.o   -Wl,--start-group,-lxil,-lgcc,-lc,--end-group
Finished building target: module1_vts.elf
 
Invoking: ARM v7 Print Size
arm-none-eabi-size module1_vts.elf  |tee "module1_vts.elf.size"
   text	   data	    bss	    dec	    hex	filename
  58243	   2572	  22656	  83471	  1460f	module1_vts.elf
Finished building: module1_vts.elf.size
 

16:39:55 Build Finished (took 669ms)

